== s182 bracci SCOMPOSIZIONE L-CR1 — riferimento A = pin s181 19a2faa83a492745, BASE = commit f5f746cfc926 (sorgente del pin), bracci Z/P/MA(−a)/MB(−b)/MC(−c)/M2, fixture fx-cr1 59 righe; Extreme 2486G Data 19G 2026-09-30 09:22:02 ==
RIFERIMENTO: pin fx-sw2-gc gcp-fused: d=1 s=1 gcp-ctl: d=1 s=1 gcp-loop: 1,1 s=2 gcp-scsc: d=1 l=11 gcp-under: d=0 s=1 gcp-off: d=0 s=1 FX-SW2 DONE · fx-sw1 pin==oracle BYTE-ID · fx-cr1 pin==oracle BYTE-ID (righe ACE: 5, di cui «ACE m»: 1)
PATCH Z: Z: nessuna patch (base)
Z: binario e2470657b12d8d4c (0 righe di patch vs tree)
PATCH P: P: cf.argc spostato dopo il ciclo (placebo)
P: binario 5a42d5ff2ccb18f5 (2 righe di patch vs tree)
PATCH MA: MA: (a) revertita (pooled_frame + enter_callee come nel pin s180, ip=1 tenuto)
MA: binario a8d63e31c03fee7c (22 righe di patch vs tree)
PATCH MB: MB: (b) revertita (ip=1 tolto su Call fast E methodcall_fast)
MB: binario 895d596de0b9ec72 (6 righe di patch vs tree)
PATCH MC: MC: (c) revertita (unwrap_or_default + for key in guard)
MC: binario 536e770ee9c5ca6c (9 righe di patch vs tree)
PATCH M2: M2: ip=1 inserito sui DUE siti lenti di dispatch_instance_call (mutante)
M2: binario bb24cf9b169bc18d (2 righe di patch vs tree)
Z: base e2470657b12d8d4c ≠ pin 19a2faa83a492745 (gemello a CONTENUTO — dichiarato: LC_UUID/firma; A resta il pin canonico, il placebo P copre la banda-layout)
P: fx-sw2-gc == pin BYTE-ID (invarianza)
P: fxsw1 == oracle BYTE-ID
P: fxsl1 == oracle BYTE-ID
P: fxsl2 == oracle BYTE-ID
P: fxsl3 == oracle BYTE-ID
P: fxcr1 == oracle BYTE-ID
MA: fx-sw2-gc == pin BYTE-ID (invarianza)
MA: fxsw1 == oracle BYTE-ID
MA: fxsl1 == oracle BYTE-ID
MA: fxsl2 == oracle BYTE-ID
MA: fxsl3 == oracle BYTE-ID
MA: fxcr1 == oracle BYTE-ID
MB: fx-sw2-gc == pin BYTE-ID (invarianza)
MB: fxsw1 == oracle BYTE-ID
MB: fxsl1 == oracle BYTE-ID
MB: fxsl2 == oracle BYTE-ID
MB: fxsl3 == oracle BYTE-ID
MB: fxcr1 == oracle BYTE-ID
MC: fx-sw2-gc == pin BYTE-ID (invarianza)
MC: fxsw1 == oracle BYTE-ID
MC: fxsl1 == oracle BYTE-ID
MC: fxsl2 == oracle BYTE-ID
MC: fxsl3 == oracle BYTE-ID
MC: fxcr1 == oracle BYTE-ID
MUTANTE M2: morde — righe «ACE m» oracle 1 vs M2 0; sparite SOLO righe «ACE m», in più solo warning «Undefined variable»/vuote (1): fx-cr1 presidia (b) anche sul cammino lento dei METODI (rilievo 7 S-181 chiuso)
DISASM run_loop: pin s181 istr=72321 bl=6132 blr=13 sp_refs=10685
DISASM run_loop: Z istr=72321 bl=6132 blr=13 sp_refs=10685
DISASM run_loop: P istr=72321 bl=6132 blr=13 sp_refs=10685
DISASM run_loop: MA istr=72192 bl=6123 blr=12 sp_refs=11613
DISASM run_loop: MB istr=72321 bl=6132 blr=13 sp_refs=10689
DISASM run_loop: MC istr=72308 bl=6132 blr=13 sp_refs=10689
ESITO rc=0 (0 = bracci a parità e M2 che morde: pronti per s182-ab-scomp.sh; 2 = un braccio diverge; 3 = M2 non morde) fine 2026-09-30 09:37:09
