== s175 coppia dbal+ORM (pin s175 MISURATO 19a2faa83a492745 vs oracle 8.5.7; criterio s175-criterio-orm.md) ==
# estrazione summ/names con LC_ALL=C + grep -a (fix az.rev. S-155 #4); reperto conteggi dbal phpr vs oracle A VERBALE (companion, non arbitra)
# ADATTAMENTI (i)-(iii) dall'istruttoria p.1 + az.rev. S-159 #1: rodaggio non giudicante, quiescenza per gamba, scaletta a due estremi
sentinella language-server inizio finestra (az.rev. S-157 #4): /Applications/Antigravity /Users/francescotinti/.local/share/uv/tools/serena-agent/bin/python3 
sentinella language-server fine finestra: /Applications/Antigravity /Users/francescotinti/.local/share/uv/tools/serena-agent/bin/python3 
rodaggio (NON giudicato, companion istruttoria) ictx/s: orm_oracle=39.6 orm_phpr=30.6 dbal_oracle=95.0 dbal_phpr=38.7
quiescenza orm-leg1: rc=0 (file: orm-out/quiesce-orm-leg1.rc)
quiescenza dbal-leg1: rc=0 (file: orm-out/quiesce-dbal-leg1.rc)
quiescenza orm-leg2: rc=0 (file: orm-out/quiesce-orm-leg2.rc)
quiescenza dbal-leg2: rc=0 (file: orm-out/quiesce-dbal-leg2.rc)
floor_user_med3 orm: oracle=0.06 phpr=0.07 · dbal: oracle=0.06 phpr=0.19 (phpunit --version, pavimento PARZIALE dichiarato)
coppia-s175 (user CPU; pavimenti PARZIALI phpunit --version: orm o=0.060 p=0.070 · dbal o=0.060 p=0.190)
grade=VERDICT  # derivazione meccanica dai .time
orm_leg1: oracle_user=4.95 (sys=0.47) phpr_user=34.35 (sys=1.24) ratio_raw=6.939 ratio_net=7.010
orm_leg2: oracle_user=4.95 (sys=0.45) phpr_user=34.37 (sys=1.17) ratio_raw=6.943 ratio_net=7.014
orm_ictx_abs: oracle1=234 phpr1=929 oracle2=195 phpr2=739
orm_ictx/s (gate emenda S-127): oracle1=42.7 phpr1=25.9 oracle2=36.0 phpr2=20.7  contesa ok
dbal_leg1: oracle_user=1.16 (sys=0.21) phpr_user=8.21 (sys=0.36) ratio_raw=7.078 ratio_net=7.291
dbal_leg2: oracle_user=1.16 (sys=0.24) phpr_user=8.22 (sys=0.40) ratio_raw=7.086 ratio_net=7.300
dbal_ictx_abs: oracle1=310 phpr1=205 oracle2=554 phpr2=480
dbal_ictx/s (gate emenda S-127): oracle1=215.3 phpr1=23.9 oracle2=369.3 phpr2=55.2  contesa ok
dbal_parita': phpr_failset_stabile=True |phpr_fail|=10 |diff_vs_oracle|=10
dbal_diff_nomi: Doctrine\DBAL\Tests\Functional\PortabilityTest::testCaseConversion with data set "lower" (Doctrine\DBAL\ColumnCase Enum (LOWER), ['test_int', 'test_string', 'test_null']) | Doctrine\DBAL\Tests\Functional\PortabilityTest::testCaseConversion with data set "upper" (Doctrine\DBAL\ColumnCase Enum (UPPER), ['TEST_INT', 'TEST_STRING', 'TEST_NULL']) | Doctrine\DBAL\Tests\Functional\PortabilityTest::testCaseConversionColumnName with data set "lower" (Doctrine\DBAL\ColumnCase Enum (LOWER), ['test_int', 'test_string', 'test_null']) | Doctrine\DBAL\Tests\Functional\PortabilityTest::testCaseConversionColumnName with data set "upper" (Doctrine\DBAL\ColumnCase Enum (UPPER), ['TEST_INT', 'TEST_STRING', 'TEST_NULL']) | Doctrine\DBAL\Tests\Functional\PortabilityTest::testFetchAllNullColumn | Doctrine\DBAL\Tests\Functional\PortabilityTest::testFetchColumn with data set "int" ('Test_Int', [1, 2]) | Doctrine\DBAL\Tests\Functional\PortabilityTest::testFetchColumn with data set "string" ('Test_String', ['foo', 'foo']) | Doctrine\DBAL\Tests\Functional\PortabilityTest::testFullFetchMode | Doctrine\DBAL\Tests\Functional\PortabilityTest::testGetDatabaseName | Doctrine\DBAL\Tests\Schema\Name\Parser\GenericNameParserTest::testValidInput with data set #11 ('schéma."übermäßigkeit".`àçcên...ràctér', [Doctrine\DBAL\Schema\Name\Identifier Object (...), Doctrine\DBAL\Schema\Name\Identifier Object (...), Doctrine\DBAL\Schema\Name\Identifier Object (...), Doctrine\DBAL\Schema\Name\Identifier Object (...), Doctrine\DBAL\Schema\Name\Identifier Object (...)])
attesa-MC1 assoluto (companion): phpr_orm_net_new=[34.28; 34.30] ref=[34.73; 34.81] Delta=[+0.43; +0.53] s
attesa-MC1 ORACLE-NORMALIZZATO (CANONICO coppia): net_norm=[34.63; 34.65] (ORA_REF=4.94, oracle_net_gambe=[4.89, 4.89]) Delta_norm=[+0.08; +0.18] s
rapporto net (companion): [7.010; 7.014] vs registrato S-162 [7.023; 7.053]
nota t19 (S-173): rapporto net t19 [6,988;7,012] RIENTRATO <=7,05 (regola 4 non scattata); se t20 torna >7,05 la voce si riapre — t20 min=7.010 <=7,05: resta rientrata
attesa-MC1: COMPATIBILE (Delta_norm dentro il rumore ±0.293; attesa a tetto 0.0-0.0 SOTTO risoluzione — esito dichiarato, nessuna cifra attribuita alla leva)
parita': orm phpr per NOME vs baseline 16 · dbal fail-set stabile tra gambe — rc=0 (0=tutte valide)
orm  oracle1: Tests: 3484, Assertions: 12003, Skipped: 59, Incomplete: 2.
orm  phpr1:   Tests: 3484, Assertions: 11989, Errors: 3, Failures: 13, Skipped: 59, Incomplete: 2.
dbal oracle1: Tests: 3929, Assertions: 5706, Skipped: 594, Incomplete: 13.
dbal phpr1:   Tests: 3921, Assertions: 5550, Errors: 10, Skipped: 626, Incomplete: 13.
orm  oracle2: Tests: 3484, Assertions: 12003, Skipped: 59, Incomplete: 2.
orm  phpr2:   Tests: 3484, Assertions: 11989, Errors: 3, Failures: 13, Skipped: 59, Incomplete: 2.
dbal oracle2: Tests: 3929, Assertions: 5706, Skipped: 594, Incomplete: 13.
dbal phpr2:   Tests: 3921, Assertions: 5550, Errors: 10, Skipped: 626, Incomplete: 13.
